// Jest Snapshot v1, https://goo.gl/fbAQLP

exports[`Admin middleware should return error 403 if user is not admin 1`] = `"Acsess Denied"`;
